bundle : C:/Ruby34-
x64/lib/ruby/3.4.0/
win32/registry.rb:2
: warning: C:/Ruby3
4-x64/lib/ruby/3.4.
0/fiddle/import.rb 
is found in 
fiddle, which will 
no longer be part 
of the default 
gems starting from 
Ruby 3.5.0.
At line:1 char:1
+ bundle exec 
rspec spec/requests
/api/v1/profile_spe
c.rb > 
test_output. ...
+ ~~~~~~~~~~~~~~~~~
~~~~~~~~~~~~~~~~~~~
~~~~~~~~~~~~~~~~~~~
~~~~~~~~~~~~~~
    + CategoryInfo 
             : No  
  tSpecified: (C   
 :/Ruby34-x64/l    
...rom Ruby 3.    
5.0.:String) [    
], RemoteExcep    
tion
    + FullyQualifi 
   edErrorId : Na  
  tiveCommandErr   
 or
 
You can add fiddle 
to your Gemfile or 
gemspec to silence 
this warning.
DEPRECATION 
WARNING: resource 
received a hash 
argument only. 
Please use a 
keyword instead. 
Support to hash 
argument will be 
removed in Rails 
8.2. (called from 
block (3 levels) 
in <main> at D:/PRO
JECTS/GossipApplica
tionServer/config/r
outes.rb:16)
DEPRECATION 
WARNING: resource 
received a hash 
argument path. 
Please use a 
keyword instead. 
Support to hash 
argument will be 
removed in Rails 
8.2. (called from 
block (3 levels) 
in <main> at D:/PRO
JECTS/GossipApplica
tionServer/config/r
outes.rb:16)
DEPRECATION 
WARNING: resource 
received a hash 
argument 
path_names. Please 
use a keyword 
instead. Support 
to hash argument 
will be removed in 
Rails 8.2. (called 
from block (3 
levels) in <main> 
at D:/PROJECTS/Goss
ipApplicationServer
/config/routes.rb:1
6)
DEPRECATION 
WARNING: resource 
received a hash 
argument 
controller. Please 
use a keyword 
instead. Support 
to hash argument 
will be removed in 
Rails 8.2. (called 
from block (3 
levels) in <main> 
at D:/PROJECTS/Goss
ipApplicationServer
/config/routes.rb:1
6)
DEPRECATION 
WARNING: resource 
received a hash 
argument only. 
Please use a 
keyword instead. 
Support to hash 
argument will be 
removed in Rails 
8.2. (called from 
block (3 levels) 
in <main> at D:/PRO
JECTS/GossipApplica
tionServer/config/r
outes.rb:16)
DEPRECATION 
WARNING: resource 
received a hash 
argument path. 
Please use a 
keyword instead. 
Support to hash 
argument will be 
removed in Rails 
8.2. (called from 
block (3 levels) 
in <main> at D:/PRO
JECTS/GossipApplica
tionServer/config/r
outes.rb:16)
DEPRECATION 
WARNING: resource 
received a hash 
argument 
path_names. Please 
use a keyword 
instead. Support 
to hash argument 
will be removed in 
Rails 8.2. (called 
from block (3 
levels) in <main> 
at D:/PROJECTS/Goss
ipApplicationServer
/config/routes.rb:1
6)
DEPRECATION 
WARNING: resource 
received a hash 
argument 
controller. Please 
use a keyword 
instead. Support 
to hash argument 
will be removed in 
Rails 8.2. (called 
from block (3 
levels) in <main> 
at D:/PROJECTS/Goss
ipApplicationServer
/config/routes.rb:1
6)
FF

Failures:

  1) api/v1/profiles /api/v1/profiles/host/{user_id} get successful returns a 200 response
     Failure/Error:
       raise UnexpectedResponse,
         "Expected response code '#{response.code}' to match '#{expected}'\n" \
           "Response body: #{response.body}"

     Rswag::Specs::UnexpectedResponse:
       Expected response code '500' to match '200'
       Response body: {"code":500,"status":"internal_server_error","message":"Internal Server Error.","data":null,"errors":"C:/Users/12a1t/.local/share/gem/ruby/3.4.0/gems/railties-8.1.1/lib/rails/engine/lazy_route_set.rb:96:in 'method_missing'\nC:/Users/12a1t/.local/share/gem/ruby/3.4.0/gems/pundit-2.5.2/lib/pundit/authorization.rb:52:in 'Pundit::Authorization#pundit_user'\nC:/Users/12a1t/.local/share/gem/ruby/3.4.0/gems/pundit-2.5.2/lib/pundit/authorization.rb:37:in 'Pundit::Authorization#pundit'\nC:/Users/12a1t/.local/share/gem/ruby/3.4.0/gems/pundit-2.5.2/lib/pundit/authorization.rb:94:in 'Pundit::Authorization#authorize'\nD:/PROJECTS/GossipApplicationServer/app/controllers/api/v1/profiles_controller.rb:8:in 'Api::V1::ProfilesController#get_by_host'\nC:/Users/12a1t/.local/share/gem/ruby/3.4.0/gems/actionpack-8.1.1/lib/action_controller/metal/basic_implicit_render.rb:8:in 'ActionController::BasicImplicitRender#send_action'\nC:/Users/12a1t/.local/share/gem/ruby/3.4.0/gems/actionpack-8.1.1/lib/abstract_controller/base.rb:221:in 'AbstractController::Base#process_action'\nC:/Users/12a1t/.local/share/gem/ruby/3.4.0/gems/actionpack-8.1.1/lib/action_controller/metal/rendering.rb:199:in 'ActionController::Rendering#process_action'\nC:/Users/12a1t/.local/share/gem/ruby/3.4.0/gems/actionpack-8.1.1/lib/abstract_controller/callbacks.rb:267:in 'block in AbstractController::Callbacks#process_action'\nC:/Users/12a1t/.local/share/gem/ruby/3.4.0/gems/activesupport-8.1.1/lib/active_support/callbacks.rb:110:in 'ActiveSupport::Callbacks#run_callbacks'\nC:/Users/12a1t/.local/share/gem/ruby/3.4.0/gems/actionpack-8.1.1/lib/abstract_controller/callbacks.rb:266:in 'AbstractController::Callbacks#process_action'\nC:/Users/12a1t/.local/share/gem/ruby/3.4.0/gems/actionpack-8.1.1/lib/action_controller/metal/rescue.rb:36:in 'ActionController::Rescue#process_action'\nC:/Users/12a1t/.local/share/gem/ruby/3.4.0/gems/actionpack-8.1.1/lib/action_controller/metal/instrumentation.rb:76:in 'block in ActionController::Instrumentation#process_action'\nC:/Users/12a1t/.local/share/gem/ruby/3.4.0/gems/activesupport-8.1.1/lib/active_support/notifications.rb:210:in 'block in ActiveSupport::Notifications.instrument'\nC:/Users/12a1t/.local/share/gem/ruby/3.4.0/gems/activesupport-8.1.1/lib/active_support/notifications/instrumenter.rb:58:in 'ActiveSupport::Notifications::Instrumenter#instrument'\nC:/Users/12a1t/.local/share/gem/ruby/3.4.0/gems/activesupport-8.1.1/lib/active_support/notifications.rb:210:in 'ActiveSupport::Notifications.instrument'\nC:/Users/12a1t/.local/share/gem/ruby/3.4.0/gems/actionpack-8.1.1/lib/action_controller/metal/instrumentation.rb:75:in 'ActionController::Instrumentation#process_action'\nC:/Users/12a1t/.local/share/gem/ruby/3.4.0/gems/actionpack-8.1.1/lib/action_controller/metal/params_wrapper.rb:259:in 'ActionController::ParamsWrapper#process_action'\nC:/Users/12a1t/.local/share/gem/ruby/3.4.0/gems/activerecord-8.1.1/lib/active_record/railties/controller_runtime.rb:39:in 'ActiveRecord::Railties::ControllerRuntime#process_action'\nC:/Users/12a1t/.local/share/gem/ruby/3.4.0/gems/actionpack-8.1.1/lib/abstract_controller/base.rb:154:in 'AbstractController::Base#process'\nC:/Users/12a1t/.local/share/gem/ruby/3.4.0/gems/actionview-8.1.1/lib/action_view/rendering.rb:40:in 'ActionView::Rendering#process'\nC:/Users/12a1t/.local/share/gem/ruby/3.4.0/gems/actionpack-8.1.1/lib/action_controller/metal.rb:252:in 'ActionController::Metal#dispatch'\nC:/Users/12a1t/.local/share/gem/ruby/3.4.0/gems/actionpack-8.1.1/lib/action_controller/metal.rb:335:in 'ActionController::Metal.dispatch'\nC:/Users/12a1t/.local/share/gem/ruby/3.4.0/gems/actionpack-8.1.1/lib/action_dispatch/routing/route_set.rb:65:in 'ActionDispatch::Routing::RouteSet::Dispatcher#dispatch'\nC:/Users/12a1t/.local/share/gem/ruby/3.4.0/gems/actionpack-8.1.1/lib/action_dispatch/routing/route_set.rb:50:in 'ActionDispatch::Routing::RouteSet::Dispatcher#serve'\nC:/Users/12a1t/.local/share/gem/ruby/3.4.0/gems/actionpack-8.1.1/lib/action_dispatch/journey/router.rb:35:in 'block in ActionDispatch::Journey::Router#serve'\nC:/Users/12a1t/.local/share/gem/ruby/3.4.0/gems/actionpack-8.1.1/lib/action_dispatch/journey/router.rb:86:in 'block in ActionDispatch::Journey::Router#recognize'\nC:/Users/12a1t/.local/share/gem/ruby/3.4.0/gems/actionpack-8.1.1/lib/action_dispatch/journey/router.rb:66:in 'Array#each'\nC:/Users/12a1t/.local/share/gem/ruby/3.4.0/gems/actionpack-8.1.1/lib/action_dispatch/journey/router.rb:66:in 'ActionDispatch::Journey::Router#recognize'\nC:/Users/12a1t/.local/share/gem/ruby/3.4.0/gems/actionpack-8.1.1/lib/action_dispatch/journey/router.rb:31:in 'ActionDispatch::Journey::Router#serve'\nC:/Users/12a1t/.local/share/gem/ruby/3.4.0/gems/actionpack-8.1.1/lib/action_dispatch/routing/route_set.rb:906:in 'ActionDispatch::Routing::RouteSet#call'\nC:/Users/12a1t/.local/share/gem/ruby/3.4.0/gems/railties-8.1.1/lib/rails/engine/lazy_route_set.rb:60:in 'Rails::Engine::LazyRouteSet#call'\nC:/Users/12a1t/.local/share/gem/ruby/3.4.0/gems/warden-jwt_auth-0.12.0/lib/warden/jwt_auth/middleware/token_dispatcher.rb:20:in 'Warden::JWTAuth::Middleware::TokenDispatcher#call'\nC:/Users/12a1t/.local/share/gem/ruby/3.4.0/gems/warden-jwt_auth-0.12.0/lib/warden/jwt_auth/middleware/revocation_manager.rb:21:in 'Warden::JWTAuth::Middleware::RevocationManager#call'\nC:/Users/12a1t/.local/share/gem/ruby/3.4.0/gems/rack-3.2.4/lib/rack/builder.rb:283:in 'Rack::Builder#call'\nC:/Users/12a1t/.local/share/gem/ruby/3.4.0/gems/warden-jwt_auth-0.12.0/lib/warden/jwt_auth/middleware.rb:22:in 'Warden::JWTAuth::Middleware#call'\nC:/Users/12a1t/.local/share/gem/ruby/3.4.0/gems/warden-1.2.9/lib/warden/manager.rb:36:in 'block in Warden::Manager#call'\nC:/Users/12a1t/.local/share/gem/ruby/3.4.0/gems/warden-1.2.9/lib/warden/manager.rb:34:in 'Kernel#catch'\nC:/Users/12a1t/.local/share/gem/ruby/3.4.0/gems/warden-1.2.9/lib/warden/manager.rb:34:in 'Warden::Manager#call'\nC:/Users/12a1t/.local/share/gem/ruby/3.4.0/gems/rack-3.2.4/lib/rack/tempfile_reaper.rb:20:in 'Rack::TempfileReaper#call'\nC:/Users/12a1t/.local/share/gem/ruby/3.4.0/gems/rack-3.2.4/lib/rack/etag.rb:29:in 'Rack::ETag#call'\nC:/Users/12a1t/.local/share/gem/ruby/3.4.0/gems/rack-3.2.4/lib/rack/conditional_get.rb:31:in 'Rack::ConditionalGet#call'\nC:/Users/12a1t/.local/share/gem/ruby/3.4.0/gems/rack-3.2.4/lib/rack/head.rb:15:in 'Rack::Head#call'\nC:/Users/12a1t/.local/share/gem/ruby/3.4.0/gems/actionpack-8.1.1/lib/action_dispatch/http/content_security_policy.rb:38:in 'ActionDispatch::ContentSecurityPolicy::Middleware#call'\nC:/Users/12a1t/.local/share/gem/ruby/3.4.0/gems/rack-session-2.1.1/lib/rack/session/abstract/id.rb:274:in 'Rack::Session::Abstract::Persisted#context'\nC:/Users/12a1t/.local/share/gem/ruby/3.4.0/gems/rack-session-2.1.1/lib/rack/session/abstract/id.rb:268:in 'Rack::Session::Abstract::Persisted#call'\nC:/Users/12a1t/.local/share/gem/ruby/3.4.0/gems/actionpack-8.1.1/lib/action_dispatch/middleware/cookies.rb:708:in 'ActionDispatch::Cookies#call'\nC:/Users/12a1t/.local/share/gem/ruby/3.4.0/gems/actionpack-8.1.1/lib/action_dispatch/middleware/callbacks.rb:31:in 'block in ActionDispatch::Callbacks#call'\nC:/Users/12a1t/.local/share/gem/ruby/3.4.0/gems/activesupport-8.1.1/lib/active_support/callbacks.rb:101:in 'ActiveSupport::Callbacks#run_callbacks'\nC:/Users/12a1t/.local/share/gem/ruby/3.4.0/gems/actionpack-8.1.1/lib/action_dispatch/middleware/callbacks.rb:30:in 'ActionDispatch::Callbacks#call'\nC:/Users/12a1t/.local/share/gem/ruby/3.4.0/gems/actionpack-8.1.1/lib/action_dispatch/middleware/actionable_exceptions.rb:18:in 'ActionDispatch::ActionableExceptions#call'\nC:/Users/12a1t/.local/share/gem/ruby/3.4.0/gems/actionpack-8.1.1/lib/action_dispatch/middleware/debug_exceptions.rb:31:in 'ActionDispatch::DebugExceptions#call'\nC:/Users/12a1t/.local/share/gem/ruby/3.4.0/gems/actionpack-8.1.1/lib/action_dispatch/middleware/show_exceptions.rb:32:in 'ActionDispatch::ShowExceptions#call'\nC:/Users/12a1t/.local/share/gem/ruby/3.4.0/gems/railties-8.1.1/lib/rails/rack/logger.rb:41:in 'Rails::Rack::Logger#call_app'\nC:/Users/12a1t/.local/share/gem/ruby/3.4.0/gems/railties-8.1.1/lib/rails/rack/logger.rb:29:in 'Rails::Rack::Logger#call'\nC:/Users/12a1t/.local/share/gem/ruby/3.4.0/gems/actionpack-8.1.1/lib/action_dispatch/middleware/remote_ip.rb:98:in 'ActionDispatch::RemoteIp#call'\nC:/Users/12a1t/.local/share/gem/ruby/3.4.0/gems/actionpack-8.1.1/lib/action_dispatch/middleware/request_id.rb:34:in 'ActionDispatch::RequestId#call'\nC:/Users/12a1t/.local/share/gem/ruby/3.4.0/gems/rack-3.2.4/lib/rack/method_override.rb:28:in 'Rack::MethodOverride#call'\nC:/Users/12a1t/.local/share/gem/ruby/3.4.0/gems/rack-3.2.4/lib/rack/runtime.rb:24:in 'Rack::Runtime#call'\nC:/Users/12a1t/.local/share/gem/ruby/3.4.0/gems/activesupport-8.1.1/lib/active_support/cache/strategy/local_cache_middleware.rb:30:in 'ActiveSupport::Cache::Strategy::LocalCache::Middleware#call'\nC:/Users/12a1t/.local/share/gem/ruby/3.4.0/gems/actionpack-8.1.1/lib/action_dispatch/middleware/executor.rb:20:in 'ActionDispatch::Executor#call'\nC:/Users/12a1t/.local/share/gem/ruby/3.4.0/gems/actionpack-8.1.1/lib/action_dispatch/middleware/static.rb:27:in 'ActionDispatch::Static#call'\nC:/Users/12a1t/.local/share/gem/ruby/3.4.0/gems/rack-3.2.4/lib/rack/sendfile.rb:131:in 'Rack::Sendfile#call'\nC:/Users/12a1t/.local/share/gem/ruby/3.4.0/gems/rack-cors-3.0.0/lib/rack/cors.rb:102:in 'Rack::Cors#call'\nC:/Users/12a1t/.local/share/gem/ruby/3.4.0/gems/railties-8.1.1/lib/rails/engine.rb:534:in 'Rails::Engine#call'\nC:/Users/12a1t/.local/share/gem/ruby/3.4.0/gems/rack-test-2.2.0/lib/rack/test.rb:360:in 'Rack::Test::Session#process_request'\nC:/Users/12a1t/.local/share/gem/ruby/3.4.0/gems/rack-test-2.2.0/lib/rack/test.rb:153:in 'Rack::Test::Session#request'\nC:/Users/12a1t/.local/share/gem/ruby/3.4.0/gems/actionpack-8.1.1/lib/action_dispatch/testing/integration.rb:297:in 'ActionDispatch::Integration::Session#process'\nC:/Users/12a1t/.local/share/gem/ruby/3.4.0/gems/actionpack-8.1.1/lib/action_dispatch/testing/integration.rb:19:in 'ActionDispatch::Integration::RequestHelpers#get'\nC:/Users/12a1t/.local/share/gem/ruby/3.4.0/gems/actionpack-8.1.1/lib/action_dispatch/testing/integration.rb:388:in 'ActionDispatch::Integration::Runner#get'\nC:/Users/12a1t/.local/share/gem/ruby/3.4.0/gems/rswag-specs-2.17.0/lib/rswag/specs/example_helpers.rb:20:in 'Rswag::Specs::ExampleHelpers#submit_request'\nC:/Users/12a1t/.local/share/gem/ruby/3.4.0/gems/rswag-specs-2.17.0/lib/rswag/specs/example_group_helpers.rb:140:in 'block in Rswag::Specs::ExampleGroupHelpers#run_test!'\nC:/Users/12a1t/.local/share/gem/ruby/3.4.0/gems/rspec-core-3.13.6/lib/rspec/core/example.rb:457:in 'BasicObject#instance_exec'\nC:/Users/12a1t/.local/share/gem/ruby/3.4.0/gems/rspec-core-3.13.6/lib/rspec/core/example.rb:457:in 'RSpec::Core::Example#instance_exec'\nC:/Users/12a1t/.local/share/gem/ruby/3.4.0/gems/rspec-core-3.13.6/lib/rspec/core/hooks.rb:365:in 'RSpec::Core::Hooks::BeforeHook#run'\nC:/Users/12a1t/.local/share/gem/ruby/3.4.0/gems/rspec-core-3.13.6/lib/rspec/core/hooks.rb:529:in 'block in RSpec::Core::Hooks::HookCollections#run_owned_hooks_for'\nC:/Users/12a1t/.local/share/gem/ruby/3.4.0/gems/rspec-core-3.13.6/lib/rspec/core/hooks.rb:528:in 'Array#each'\nC:/Users/12a1t/.local/share/gem/ruby/3.4.0/gems/rspec-core-3.13.6/lib/rspec/core/hooks.rb:528:in 'RSpec::Core::Hooks::HookCollections#run_owned_hooks_for'\nC:/Users/12a1t/.local/share/gem/ruby/3.4.0/gems/rspec-core-3.13.6/lib/rspec/core/hooks.rb:615:in 'block in RSpec::Core::Hooks::HookCollections#run_example_hooks_for'\nC:/Users/12a1t/.local/share/gem/ruby/3.4.0/gems/rspec-core-3.13.6/lib/rspec/core/hooks.rb:614:in 'Array#reverse_each'\nC:/Users/12a1t/.local/share/gem/ruby/3.4.0/gems/rspec-core-3.13.6/lib/rspec/core/hooks.rb:614:in 'RSpec::Core::Hooks::HookCollections#run_example_hooks_for'\nC:/Users/12a1t/.local/share/gem/ruby/3.4.0/gems/rspec-core-3.13.6/lib/rspec/core/hooks.rb:484:in 'RSpec::Core::Hooks::HookCollections#run'\nC:/Users/12a1t/.local/share/gem/ruby/3.4.0/gems/rspec-core-3.13.6/lib/rspec/core/example.rb:505:in 'RSpec::Core::Example#run_before_example'\nC:/Users/12a1t/.local/share/gem/ruby/3.4.0/gems/rspec-core-3.13.6/lib/rspec/core/example.rb:261:in 'block in RSpec::Core::Example#run'\nC:/Users/12a1t/.local/share/gem/ruby/3.4.0/gems/rspec-core-3.13.6/lib/rspec/core/example.rb:511:in 'block in RSpec::Core::Example#with_around_and_singleton_context_hooks'\nC:/Users/12a1t/.local/share/gem/ruby/3.4.0/gems/rspec-core-3.13.6/lib/rspec/core/example.rb:468:in 'block in RSpec::Core::Example#with_around_example_hooks'\nC:/Users/12a1t/.local/share/gem/ruby/3.4.0/gems/rspec-core-3.13.6/lib/rspec/core/hooks.rb:486:in 'block in RSpec::Core::Hooks::HookCollections#run'\nC:/Users/12a1t/.local/share/gem/ruby/3.4.0/gems/rspec-core-3.13.6/lib/rspec/core/hooks.rb:626:in 'block in RSpec::Core::Hooks::HookCollections#run_around_example_hooks_for'\nC:/Users/12a1t/.local/share/gem/ruby/3.4.0/gems/rspec-core-3.13.6/lib/rspec/core/example.rb:352:in 'RSpec::Core::Example::Procsy#call'\nC:/Users/12a1t/.local/share/gem/ruby/3.4.0/gems/rspec-rails-8.0.2/lib/rspec/rails/adapters.rb:75:in 'block (2 levels) in <module:MinitestLifecycleAdapter>'\nC:/Users/12a1t/.local/share/gem/ruby/3.4.0/gems/rspec-core-3.13.6/lib/rspec/core/example.rb:457:in 'BasicObject#instance_exec'\nC:/Users/12a1t/.local/share/gem/ruby/3.4.0/gems/rspec-core-3.13.6/lib/rspec/core/example.rb:457:in 'RSpec::Core::Example#instance_exec'\nC:/Users/12a1t/.local/share/gem/ruby/3.4.0/gems/rspec-core-3.13.6/lib/rspec/core/hooks.rb:390:in 'RSpec::Core::Hooks::AroundHook#execute_with'\nC:/Users/12a1t/.local/share/gem/ruby/3.4.0/gems/rspec-core-3.13.6/lib/rspec/core/hooks.rb:628:in 'block (2 levels) in RSpec::Core::Hooks::HookCollections#run_around_example_hooks_for'\nC:/Users/12a1t/.local/share/gem/ruby/3.4.0/gems/rspec-core-3.13.6/lib/rspec/core/example.rb:352:in 'RSpec::Core::Example::Procsy#call'\nC:/Users/12a1t/.local/share/gem/ruby/3.4.0/gems/rspec-core-3.13.6/lib/rspec/core/hooks.rb:629:in 'RSpec::Core::Hooks::HookCollections#run_around_example_hooks_for'\nC:/Users/12a1t/.local/share/gem/ruby/3.4.0/gems/rspec-core-3.13.6/lib/rspec/core/hooks.rb:486:in 'RSpec::Core::Hooks::HookCollections#run'\nC:/Users/12a1t/.local/share/gem/ruby/3.4.0/gems/rspec-core-3.13.6/lib/rspec/core/example.rb:468:in 'RSpec::Core::Example#with_around_example_hooks'\nC:/Users/12a1t/.local/share/gem/ruby/3.4.0/gems/rspec-core-3.13.6/lib/rspec/core/example.rb:511:in 'RSpec::Core::Example#with_around_and_singleton_context_hooks'\nC:/Users/12a1t/.local/share/gem/ruby/3.4.0/gems/rspec-core-3.13.6/lib/rspec/core/example.rb:259:in 'RSpec::Core::Example#run'\nC:/Users/12a1t/.local/share/gem/ruby/3.4.0/gems/rspec-core-3.13.6/lib/rspec/core/example_group.rb:653:in 'block in RSpec::Core::ExampleGroup.run_examples'\nC:/Users/12a1t/.local/share/gem/ruby/3.4.0/gems/rspec-core-3.13.6/lib/rspec/core/example_group.rb:649:in 'Array#map'\nC:/Users/12a1t/.local/share/gem/ruby/3.4.0/gems/rspec-core-3.13.6/lib/rspec/core/example_group.rb:649:in 'RSpec::Core::ExampleGroup.run_examples'\nC:/Users/12a1t/.local/share/gem/ruby/3.4.0/gems/rspec-core-3.13.6/lib/rspec/core/example_group.rb:614:in 'RSpec::Core::ExampleGroup.run'\nC:/Users/12a1t/.local/share/gem/ruby/3.4.0/gems/rspec-core-3.13.6/lib/rspec/core/example_group.rb:615:in 'block in RSpec::Core::ExampleGroup.run'\nC:/Users/12a1t/.local/share/gem/ruby/3.4.0/gems/rspec-core-3.13.6/lib/rspec/core/example_group.rb:615:in 'Array#map'\nC:/Users/12a1t/.local/share/gem/ruby/3.4.0/gems/rspec-core-3.13.6/lib/rspec/core/example_group.rb:615:in 'RSpec::Core::ExampleGroup.run'\nC:/Users/12a1t/.local/share/gem/ruby/3.4.0/gems/rspec-core-3.13.6/lib/rspec/core/example_group.rb:615:in 'block in RSpec::Core::ExampleGroup.run'\nC:/Users/12a1t/.local/share/gem/ruby/3.4.0/gems/rspec-core-3.13.6/lib/rspec/core/example_group.rb:615:in 'Array#map'\nC:/Users/12a1t/.local/share/gem/ruby/3.4.0/gems/rspec-core-3.13.6/lib/rspec/core/example_group.rb:615:in 'RSpec::Core::ExampleGroup.run'\nC:/Users/12a1t/.local/share/gem/ruby/3.4.0/gems/rspec-core-3.13.6/lib/rspec/core/example_group.rb:615:in 'block in RSpec::Core::ExampleGroup.run'\nC:/Users/12a1t/.local/share/gem/ruby/3.4.0/gems/rspec-core-3.13.6/lib/rspec/core/example_group.rb:615:in 'Array#map'\nC:/Users/12a1t/.local/share/gem/ruby/3.4.0/gems/rspec-core-3.13.6/lib/rspec/core/example_group.rb:615:in 'RSpec::Core::ExampleGroup.run'\nC:/Users/12a1t/.local/share/gem/ruby/3.4.0/gems/rspec-core-3.13.6/lib/rspec/core/runner.rb:121:in 'block (3 levels) in RSpec::Core::Runner#run_specs'\nC:/Users/12a1t/.local/share/gem/ruby/3.4.0/gems/rspec-core-3.13.6/lib/rspec/core/runner.rb:121:in 'Array#map'\nC:/Users/12a1t/.local/share/gem/ruby/3.4.0/gems/rspec-core-3.13.6/lib/rspec/core/runner.rb:121:in 'block (2 levels) in RSpec::Core::Runner#run_specs'\nC:/Users/12a1t/.local/share/gem/ruby/3.4.0/gems/rspec-core-3.13.6/lib/rspec/core/configuration.rb:2097:in 'RSpec::Core::Configuration#with_suite_hooks'\nC:/Users/12a1t/.local/share/gem/ruby/3.4.0/gems/rspec-core-3.13.6/lib/rspec/core/runner.rb:116:in 'block in RSpec::Core::Runner#run_specs'\nC:/Users/12a1t/.local/share/gem/ruby/3.4.0/gems/rspec-core-3.13.6/lib/rspec/core/reporter.rb:74:in 'RSpec::Core::Reporter#report'\nC:/Users/12a1t/.local/share/gem/ruby/3.4.0/gems/rspec-core-3.13.6/lib/rspec/core/runner.rb:115:in 'RSpec::Core::Runner#run_specs'\nC:/Users/12a1t/.local/share/gem/ruby/3.4.0/gems/rspec-core-3.13.6/lib/rspec/core/runner.rb:89:in 'RSpec::Core::Runner#run'\nC:/Users/12a1t/.local/share/gem/ruby/3.4.0/gems/rspec-core-3.13.6/lib/rspec/core/runner.rb:71:in 'RSpec::Core::Runner.run'\nC:/Users/12a1t/.local/share/gem/ruby/3.4.0/gems/rspec-core-3.13.6/lib/rspec/core/runner.rb:45:in 'RSpec::Core::Runner.invoke'\nC:/Users/12a1t/.local/share/gem/ruby/3.4.0/gems/rspec-core-3.13.6/exe/rspec:4:in '<top (required)>'\nC:/Users/12a1t/AppData/Local/Microsoft/WindowsApps/rspec:25:in 'Kernel#load'\nC:/Users/12a1t/AppData/Local/Microsoft/WindowsApps/rspec:25:in '<main>'"}
     # C:/Users/12a1t/.local/share/gem/ruby/3.4.0/gems/rswag-specs-2.17.0/lib/rswag/specs/response_validator.rb:28:in 'Rswag::Specs::ResponseValidator#validate_code!'
     # C:/Users/12a1t/.local/share/gem/ruby/3.4.0/gems/rswag-specs-2.17.0/lib/rswag/specs/response_validator.rb:18:in 'Rswag::Specs::ResponseValidator#validate!'
     # C:/Users/12a1t/.local/share/gem/ruby/3.4.0/gems/rswag-specs-2.17.0/lib/rswag/specs/example_helpers.rb:30:in 'Rswag::Specs::ExampleHelpers#assert_response_matches_metadata'
     # C:/Users/12a1t/.local/share/gem/ruby/3.4.0/gems/rswag-specs-2.17.0/lib/rswag/specs/example_group_helpers.rb:144:in 'block in Rswag::Specs::ExampleGroupHelpers#run_test!'
     # C:/Users/12a1t/AppData/Local/Microsoft/WindowsApps/rspec:25:in 'Kernel#load'
     # C:/Users/12a1t/AppData/Local/Microsoft/WindowsApps/rspec:25:in '<main>'

  2) api/v1/profiles /api/v1/profiles/guest/{user_id} get successful returns a 200 response
     Failure/Error:
       raise UnexpectedResponse,
         "Expected response code '#{response.code}' to match '#{expected}'\n" \
           "Response body: #{response.body}"

     Rswag::Specs::UnexpectedResponse:
       Expected response code '500' to match '200'
       Response body: {"code":500,"status":"internal_server_error","message":"Internal Server Error.","data":null,"errors":"C:/Users/12a1t/.local/share/gem/ruby/3.4.0/gems/railties-8.1.1/lib/rails/engine/lazy_route_set.rb:96:in 'method_missing'\nC:/Users/12a1t/.local/share/gem/ruby/3.4.0/gems/pundit-2.5.2/lib/pundit/authorization.rb:52:in 'Pundit::Authorization#pundit_user'\nC:/Users/12a1t/.local/share/gem/ruby/3.4.0/gems/pundit-2.5.2/lib/pundit/authorization.rb:37:in 'Pundit::Authorization#pundit'\nC:/Users/12a1t/.local/share/gem/ruby/3.4.0/gems/pundit-2.5.2/lib/pundit/authorization.rb:94:in 'Pundit::Authorization#authorize'\nD:/PROJECTS/GossipApplicationServer/app/controllers/api/v1/profiles_controller.rb:19:in 'Api::V1::ProfilesController#get_by_guest'\nC:/Users/12a1t/.local/share/gem/ruby/3.4.0/gems/actionpack-8.1.1/lib/action_controller/metal/basic_implicit_render.rb:8:in 'ActionController::BasicImplicitRender#send_action'\nC:/Users/12a1t/.local/share/gem/ruby/3.4.0/gems/actionpack-8.1.1/lib/abstract_controller/base.rb:221:in 'AbstractController::Base#process_action'\nC:/Users/12a1t/.local/share/gem/ruby/3.4.0/gems/actionpack-8.1.1/lib/action_controller/metal/rendering.rb:199:in 'ActionController::Rendering#process_action'\nC:/Users/12a1t/.local/share/gem/ruby/3.4.0/gems/actionpack-8.1.1/lib/abstract_controller/callbacks.rb:267:in 'block in AbstractController::Callbacks#process_action'\nC:/Users/12a1t/.local/share/gem/ruby/3.4.0/gems/activesupport-8.1.1/lib/active_support/callbacks.rb:110:in 'ActiveSupport::Callbacks#run_callbacks'\nC:/Users/12a1t/.local/share/gem/ruby/3.4.0/gems/actionpack-8.1.1/lib/abstract_controller/callbacks.rb:266:in 'AbstractController::Callbacks#process_action'\nC:/Users/12a1t/.local/share/gem/ruby/3.4.0/gems/actionpack-8.1.1/lib/action_controller/metal/rescue.rb:36:in 'ActionController::Rescue#process_action'\nC:/Users/12a1t/.local/share/gem/ruby/3.4.0/gems/actionpack-8.1.1/lib/action_controller/metal/instrumentation.rb:76:in 'block in ActionController::Instrumentation#process_action'\nC:/Users/12a1t/.local/share/gem/ruby/3.4.0/gems/activesupport-8.1.1/lib/active_support/notifications.rb:210:in 'block in ActiveSupport::Notifications.instrument'\nC:/Users/12a1t/.local/share/gem/ruby/3.4.0/gems/activesupport-8.1.1/lib/active_support/notifications/instrumenter.rb:58:in 'ActiveSupport::Notifications::Instrumenter#instrument'\nC:/Users/12a1t/.local/share/gem/ruby/3.4.0/gems/activesupport-8.1.1/lib/active_support/notifications.rb:210:in 'ActiveSupport::Notifications.instrument'\nC:/Users/12a1t/.local/share/gem/ruby/3.4.0/gems/actionpack-8.1.1/lib/action_controller/metal/instrumentation.rb:75:in 'ActionController::Instrumentation#process_action'\nC:/Users/12a1t/.local/share/gem/ruby/3.4.0/gems/actionpack-8.1.1/lib/action_controller/metal/params_wrapper.rb:259:in 'ActionController::ParamsWrapper#process_action'\nC:/Users/12a1t/.local/share/gem/ruby/3.4.0/gems/activerecord-8.1.1/lib/active_record/railties/controller_runtime.rb:39:in 'ActiveRecord::Railties::ControllerRuntime#process_action'\nC:/Users/12a1t/.local/share/gem/ruby/3.4.0/gems/actionpack-8.1.1/lib/abstract_controller/base.rb:154:in 'AbstractController::Base#process'\nC:/Users/12a1t/.local/share/gem/ruby/3.4.0/gems/actionview-8.1.1/lib/action_view/rendering.rb:40:in 'ActionView::Rendering#process'\nC:/Users/12a1t/.local/share/gem/ruby/3.4.0/gems/actionpack-8.1.1/lib/action_controller/metal.rb:252:in 'ActionController::Metal#dispatch'\nC:/Users/12a1t/.local/share/gem/ruby/3.4.0/gems/actionpack-8.1.1/lib/action_controller/metal.rb:335:in 'ActionController::Metal.dispatch'\nC:/Users/12a1t/.local/share/gem/ruby/3.4.0/gems/actionpack-8.1.1/lib/action_dispatch/routing/route_set.rb:65:in 'ActionDispatch::Routing::RouteSet::Dispatcher#dispatch'\nC:/Users/12a1t/.local/share/gem/ruby/3.4.0/gems/actionpack-8.1.1/lib/action_dispatch/routing/route_set.rb:50:in 'ActionDispatch::Routing::RouteSet::Dispatcher#serve'\nC:/Users/12a1t/.local/share/gem/ruby/3.4.0/gems/actionpack-8.1.1/lib/action_dispatch/journey/router.rb:35:in 'block in ActionDispatch::Journey::Router#serve'\nC:/Users/12a1t/.local/share/gem/ruby/3.4.0/gems/actionpack-8.1.1/lib/action_dispatch/journey/router.rb:86:in 'block in ActionDispatch::Journey::Router#recognize'\nC:/Users/12a1t/.local/share/gem/ruby/3.4.0/gems/actionpack-8.1.1/lib/action_dispatch/journey/router.rb:66:in 'Array#each'\nC:/Users/12a1t/.local/share/gem/ruby/3.4.0/gems/actionpack-8.1.1/lib/action_dispatch/journey/router.rb:66:in 'ActionDispatch::Journey::Router#recognize'\nC:/Users/12a1t/.local/share/gem/ruby/3.4.0/gems/actionpack-8.1.1/lib/action_dispatch/journey/router.rb:31:in 'ActionDispatch::Journey::Router#serve'\nC:/Users/12a1t/.local/share/gem/ruby/3.4.0/gems/actionpack-8.1.1/lib/action_dispatch/routing/route_set.rb:906:in 'ActionDispatch::Routing::RouteSet#call'\nC:/Users/12a1t/.local/share/gem/ruby/3.4.0/gems/railties-8.1.1/lib/rails/engine/lazy_route_set.rb:60:in 'Rails::Engine::LazyRouteSet#call'\nC:/Users/12a1t/.local/share/gem/ruby/3.4.0/gems/warden-jwt_auth-0.12.0/lib/warden/jwt_auth/middleware/token_dispatcher.rb:20:in 'Warden::JWTAuth::Middleware::TokenDispatcher#call'\nC:/Users/12a1t/.local/share/gem/ruby/3.4.0/gems/warden-jwt_auth-0.12.0/lib/warden/jwt_auth/middleware/revocation_manager.rb:21:in 'Warden::JWTAuth::Middleware::RevocationManager#call'\nC:/Users/12a1t/.local/share/gem/ruby/3.4.0/gems/rack-3.2.4/lib/rack/builder.rb:283:in 'Rack::Builder#call'\nC:/Users/12a1t/.local/share/gem/ruby/3.4.0/gems/warden-jwt_auth-0.12.0/lib/warden/jwt_auth/middleware.rb:22:in 'Warden::JWTAuth::Middleware#call'\nC:/Users/12a1t/.local/share/gem/ruby/3.4.0/gems/warden-1.2.9/lib/warden/manager.rb:36:in 'block in Warden::Manager#call'\nC:/Users/12a1t/.local/share/gem/ruby/3.4.0/gems/warden-1.2.9/lib/warden/manager.rb:34:in 'Kernel#catch'\nC:/Users/12a1t/.local/share/gem/ruby/3.4.0/gems/warden-1.2.9/lib/warden/manager.rb:34:in 'Warden::Manager#call'\nC:/Users/12a1t/.local/share/gem/ruby/3.4.0/gems/rack-3.2.4/lib/rack/tempfile_reaper.rb:20:in 'Rack::TempfileReaper#call'\nC:/Users/12a1t/.local/share/gem/ruby/3.4.0/gems/rack-3.2.4/lib/rack/etag.rb:29:in 'Rack::ETag#call'\nC:/Users/12a1t/.local/share/gem/ruby/3.4.0/gems/rack-3.2.4/lib/rack/conditional_get.rb:31:in 'Rack::ConditionalGet#call'\nC:/Users/12a1t/.local/share/gem/ruby/3.4.0/gems/rack-3.2.4/lib/rack/head.rb:15:in 'Rack::Head#call'\nC:/Users/12a1t/.local/share/gem/ruby/3.4.0/gems/actionpack-8.1.1/lib/action_dispatch/http/content_security_policy.rb:38:in 'ActionDispatch::ContentSecurityPolicy::Middleware#call'\nC:/Users/12a1t/.local/share/gem/ruby/3.4.0/gems/rack-session-2.1.1/lib/rack/session/abstract/id.rb:274:in 'Rack::Session::Abstract::Persisted#context'\nC:/Users/12a1t/.local/share/gem/ruby/3.4.0/gems/rack-session-2.1.1/lib/rack/session/abstract/id.rb:268:in 'Rack::Session::Abstract::Persisted#call'\nC:/Users/12a1t/.local/share/gem/ruby/3.4.0/gems/actionpack-8.1.1/lib/action_dispatch/middleware/cookies.rb:708:in 'ActionDispatch::Cookies#call'\nC:/Users/12a1t/.local/share/gem/ruby/3.4.0/gems/actionpack-8.1.1/lib/action_dispatch/middleware/callbacks.rb:31:in 'block in ActionDispatch::Callbacks#call'\nC:/Users/12a1t/.local/share/gem/ruby/3.4.0/gems/activesupport-8.1.1/lib/active_support/callbacks.rb:101:in 'ActiveSupport::Callbacks#run_callbacks'\nC:/Users/12a1t/.local/share/gem/ruby/3.4.0/gems/actionpack-8.1.1/lib/action_dispatch/middleware/callbacks.rb:30:in 'ActionDispatch::Callbacks#call'\nC:/Users/12a1t/.local/share/gem/ruby/3.4.0/gems/actionpack-8.1.1/lib/action_dispatch/middleware/actionable_exceptions.rb:18:in 'ActionDispatch::ActionableExceptions#call'\nC:/Users/12a1t/.local/share/gem/ruby/3.4.0/gems/actionpack-8.1.1/lib/action_dispatch/middleware/debug_exceptions.rb:31:in 'ActionDispatch::DebugExceptions#call'\nC:/Users/12a1t/.local/share/gem/ruby/3.4.0/gems/actionpack-8.1.1/lib/action_dispatch/middleware/show_exceptions.rb:32:in 'ActionDispatch::ShowExceptions#call'\nC:/Users/12a1t/.local/share/gem/ruby/3.4.0/gems/railties-8.1.1/lib/rails/rack/logger.rb:41:in 'Rails::Rack::Logger#call_app'\nC:/Users/12a1t/.local/share/gem/ruby/3.4.0/gems/railties-8.1.1/lib/rails/rack/logger.rb:29:in 'Rails::Rack::Logger#call'\nC:/Users/12a1t/.local/share/gem/ruby/3.4.0/gems/actionpack-8.1.1/lib/action_dispatch/middleware/remote_ip.rb:98:in 'ActionDispatch::RemoteIp#call'\nC:/Users/12a1t/.local/share/gem/ruby/3.4.0/gems/actionpack-8.1.1/lib/action_dispatch/middleware/request_id.rb:34:in 'ActionDispatch::RequestId#call'\nC:/Users/12a1t/.local/share/gem/ruby/3.4.0/gems/rack-3.2.4/lib/rack/method_override.rb:28:in 'Rack::MethodOverride#call'\nC:/Users/12a1t/.local/share/gem/ruby/3.4.0/gems/rack-3.2.4/lib/rack/runtime.rb:24:in 'Rack::Runtime#call'\nC:/Users/12a1t/.local/share/gem/ruby/3.4.0/gems/activesupport-8.1.1/lib/active_support/cache/strategy/local_cache_middleware.rb:30:in 'ActiveSupport::Cache::Strategy::LocalCache::Middleware#call'\nC:/Users/12a1t/.local/share/gem/ruby/3.4.0/gems/actionpack-8.1.1/lib/action_dispatch/middleware/executor.rb:20:in 'ActionDispatch::Executor#call'\nC:/Users/12a1t/.local/share/gem/ruby/3.4.0/gems/actionpack-8.1.1/lib/action_dispatch/middleware/static.rb:27:in 'ActionDispatch::Static#call'\nC:/Users/12a1t/.local/share/gem/ruby/3.4.0/gems/rack-3.2.4/lib/rack/sendfile.rb:131:in 'Rack::Sendfile#call'\nC:/Users/12a1t/.local/share/gem/ruby/3.4.0/gems/rack-cors-3.0.0/lib/rack/cors.rb:102:in 'Rack::Cors#call'\nC:/Users/12a1t/.local/share/gem/ruby/3.4.0/gems/railties-8.1.1/lib/rails/engine.rb:534:in 'Rails::Engine#call'\nC:/Users/12a1t/.local/share/gem/ruby/3.4.0/gems/rack-test-2.2.0/lib/rack/test.rb:360:in 'Rack::Test::Session#process_request'\nC:/Users/12a1t/.local/share/gem/ruby/3.4.0/gems/rack-test-2.2.0/lib/rack/test.rb:153:in 'Rack::Test::Session#request'\nC:/Users/12a1t/.local/share/gem/ruby/3.4.0/gems/actionpack-8.1.1/lib/action_dispatch/testing/integration.rb:297:in 'ActionDispatch::Integration::Session#process'\nC:/Users/12a1t/.local/share/gem/ruby/3.4.0/gems/actionpack-8.1.1/lib/action_dispatch/testing/integration.rb:19:in 'ActionDispatch::Integration::RequestHelpers#get'\nC:/Users/12a1t/.local/share/gem/ruby/3.4.0/gems/actionpack-8.1.1/lib/action_dispatch/testing/integration.rb:388:in 'ActionDispatch::Integration::Runner#get'\nC:/Users/12a1t/.local/share/gem/ruby/3.4.0/gems/rswag-specs-2.17.0/lib/rswag/specs/example_helpers.rb:20:in 'Rswag::Specs::ExampleHelpers#submit_request'\nC:/Users/12a1t/.local/share/gem/ruby/3.4.0/gems/rswag-specs-2.17.0/lib/rswag/specs/example_group_helpers.rb:140:in 'block in Rswag::Specs::ExampleGroupHelpers#run_test!'\nC:/Users/12a1t/.local/share/gem/ruby/3.4.0/gems/rspec-core-3.13.6/lib/rspec/core/example.rb:457:in 'BasicObject#instance_exec'\nC:/Users/12a1t/.local/share/gem/ruby/3.4.0/gems/rspec-core-3.13.6/lib/rspec/core/example.rb:457:in 'RSpec::Core::Example#instance_exec'\nC:/Users/12a1t/.local/share/gem/ruby/3.4.0/gems/rspec-core-3.13.6/lib/rspec/core/hooks.rb:365:in 'RSpec::Core::Hooks::BeforeHook#run'\nC:/Users/12a1t/.local/share/gem/ruby/3.4.0/gems/rspec-core-3.13.6/lib/rspec/core/hooks.rb:529:in 'block in RSpec::Core::Hooks::HookCollections#run_owned_hooks_for'\nC:/Users/12a1t/.local/share/gem/ruby/3.4.0/gems/rspec-core-3.13.6/lib/rspec/core/hooks.rb:528:in 'Array#each'\nC:/Users/12a1t/.local/share/gem/ruby/3.4.0/gems/rspec-core-3.13.6/lib/rspec/core/hooks.rb:528:in 'RSpec::Core::Hooks::HookCollections#run_owned_hooks_for'\nC:/Users/12a1t/.local/share/gem/ruby/3.4.0/gems/rspec-core-3.13.6/lib/rspec/core/hooks.rb:615:in 'block in RSpec::Core::Hooks::HookCollections#run_example_hooks_for'\nC:/Users/12a1t/.local/share/gem/ruby/3.4.0/gems/rspec-core-3.13.6/lib/rspec/core/hooks.rb:614:in 'Array#reverse_each'\nC:/Users/12a1t/.local/share/gem/ruby/3.4.0/gems/rspec-core-3.13.6/lib/rspec/core/hooks.rb:614:in 'RSpec::Core::Hooks::HookCollections#run_example_hooks_for'\nC:/Users/12a1t/.local/share/gem/ruby/3.4.0/gems/rspec-core-3.13.6/lib/rspec/core/hooks.rb:484:in 'RSpec::Core::Hooks::HookCollections#run'\nC:/Users/12a1t/.local/share/gem/ruby/3.4.0/gems/rspec-core-3.13.6/lib/rspec/core/example.rb:505:in 'RSpec::Core::Example#run_before_example'\nC:/Users/12a1t/.local/share/gem/ruby/3.4.0/gems/rspec-core-3.13.6/lib/rspec/core/example.rb:261:in 'block in RSpec::Core::Example#run'\nC:/Users/12a1t/.local/share/gem/ruby/3.4.0/gems/rspec-core-3.13.6/lib/rspec/core/example.rb:511:in 'block in RSpec::Core::Example#with_around_and_singleton_context_hooks'\nC:/Users/12a1t/.local/share/gem/ruby/3.4.0/gems/rspec-core-3.13.6/lib/rspec/core/example.rb:468:in 'block in RSpec::Core::Example#with_around_example_hooks'\nC:/Users/12a1t/.local/share/gem/ruby/3.4.0/gems/rspec-core-3.13.6/lib/rspec/core/hooks.rb:486:in 'block in RSpec::Core::Hooks::HookCollections#run'\nC:/Users/12a1t/.local/share/gem/ruby/3.4.0/gems/rspec-core-3.13.6/lib/rspec/core/hooks.rb:626:in 'block in RSpec::Core::Hooks::HookCollections#run_around_example_hooks_for'\nC:/Users/12a1t/.local/share/gem/ruby/3.4.0/gems/rspec-core-3.13.6/lib/rspec/core/example.rb:352:in 'RSpec::Core::Example::Procsy#call'\nC:/Users/12a1t/.local/share/gem/ruby/3.4.0/gems/rspec-rails-8.0.2/lib/rspec/rails/adapters.rb:75:in 'block (2 levels) in <module:MinitestLifecycleAdapter>'\nC:/Users/12a1t/.local/share/gem/ruby/3.4.0/gems/rspec-core-3.13.6/lib/rspec/core/example.rb:457:in 'BasicObject#instance_exec'\nC:/Users/12a1t/.local/share/gem/ruby/3.4.0/gems/rspec-core-3.13.6/lib/rspec/core/example.rb:457:in 'RSpec::Core::Example#instance_exec'\nC:/Users/12a1t/.local/share/gem/ruby/3.4.0/gems/rspec-core-3.13.6/lib/rspec/core/hooks.rb:390:in 'RSpec::Core::Hooks::AroundHook#execute_with'\nC:/Users/12a1t/.local/share/gem/ruby/3.4.0/gems/rspec-core-3.13.6/lib/rspec/core/hooks.rb:628:in 'block (2 levels) in RSpec::Core::Hooks::HookCollections#run_around_example_hooks_for'\nC:/Users/12a1t/.local/share/gem/ruby/3.4.0/gems/rspec-core-3.13.6/lib/rspec/core/example.rb:352:in 'RSpec::Core::Example::Procsy#call'\nC:/Users/12a1t/.local/share/gem/ruby/3.4.0/gems/rspec-core-3.13.6/lib/rspec/core/hooks.rb:629:in 'RSpec::Core::Hooks::HookCollections#run_around_example_hooks_for'\nC:/Users/12a1t/.local/share/gem/ruby/3.4.0/gems/rspec-core-3.13.6/lib/rspec/core/hooks.rb:486:in 'RSpec::Core::Hooks::HookCollections#run'\nC:/Users/12a1t/.local/share/gem/ruby/3.4.0/gems/rspec-core-3.13.6/lib/rspec/core/example.rb:468:in 'RSpec::Core::Example#with_around_example_hooks'\nC:/Users/12a1t/.local/share/gem/ruby/3.4.0/gems/rspec-core-3.13.6/lib/rspec/core/example.rb:511:in 'RSpec::Core::Example#with_around_and_singleton_context_hooks'\nC:/Users/12a1t/.local/share/gem/ruby/3.4.0/gems/rspec-core-3.13.6/lib/rspec/core/example.rb:259:in 'RSpec::Core::Example#run'\nC:/Users/12a1t/.local/share/gem/ruby/3.4.0/gems/rspec-core-3.13.6/lib/rspec/core/example_group.rb:653:in 'block in RSpec::Core::ExampleGroup.run_examples'\nC:/Users/12a1t/.local/share/gem/ruby/3.4.0/gems/rspec-core-3.13.6/lib/rspec/core/example_group.rb:649:in 'Array#map'\nC:/Users/12a1t/.local/share/gem/ruby/3.4.0/gems/rspec-core-3.13.6/lib/rspec/core/example_group.rb:649:in 'RSpec::Core::ExampleGroup.run_examples'\nC:/Users/12a1t/.local/share/gem/ruby/3.4.0/gems/rspec-core-3.13.6/lib/rspec/core/example_group.rb:614:in 'RSpec::Core::ExampleGroup.run'\nC:/Users/12a1t/.local/share/gem/ruby/3.4.0/gems/rspec-core-3.13.6/lib/rspec/core/example_group.rb:615:in 'block in RSpec::Core::ExampleGroup.run'\nC:/Users/12a1t/.local/share/gem/ruby/3.4.0/gems/rspec-core-3.13.6/lib/rspec/core/example_group.rb:615:in 'Array#map'\nC:/Users/12a1t/.local/share/gem/ruby/3.4.0/gems/rspec-core-3.13.6/lib/rspec/core/example_group.rb:615:in 'RSpec::Core::ExampleGroup.run'\nC:/Users/12a1t/.local/share/gem/ruby/3.4.0/gems/rspec-core-3.13.6/lib/rspec/core/example_group.rb:615:in 'block in RSpec::Core::ExampleGroup.run'\nC:/Users/12a1t/.local/share/gem/ruby/3.4.0/gems/rspec-core-3.13.6/lib/rspec/core/example_group.rb:615:in 'Array#map'\nC:/Users/12a1t/.local/share/gem/ruby/3.4.0/gems/rspec-core-3.13.6/lib/rspec/core/example_group.rb:615:in 'RSpec::Core::ExampleGroup.run'\nC:/Users/12a1t/.local/share/gem/ruby/3.4.0/gems/rspec-core-3.13.6/lib/rspec/core/example_group.rb:615:in 'block in RSpec::Core::ExampleGroup.run'\nC:/Users/12a1t/.local/share/gem/ruby/3.4.0/gems/rspec-core-3.13.6/lib/rspec/core/example_group.rb:615:in 'Array#map'\nC:/Users/12a1t/.local/share/gem/ruby/3.4.0/gems/rspec-core-3.13.6/lib/rspec/core/example_group.rb:615:in 'RSpec::Core::ExampleGroup.run'\nC:/Users/12a1t/.local/share/gem/ruby/3.4.0/gems/rspec-core-3.13.6/lib/rspec/core/runner.rb:121:in 'block (3 levels) in RSpec::Core::Runner#run_specs'\nC:/Users/12a1t/.local/share/gem/ruby/3.4.0/gems/rspec-core-3.13.6/lib/rspec/core/runner.rb:121:in 'Array#map'\nC:/Users/12a1t/.local/share/gem/ruby/3.4.0/gems/rspec-core-3.13.6/lib/rspec/core/runner.rb:121:in 'block (2 levels) in RSpec::Core::Runner#run_specs'\nC:/Users/12a1t/.local/share/gem/ruby/3.4.0/gems/rspec-core-3.13.6/lib/rspec/core/configuration.rb:2097:in 'RSpec::Core::Configuration#with_suite_hooks'\nC:/Users/12a1t/.local/share/gem/ruby/3.4.0/gems/rspec-core-3.13.6/lib/rspec/core/runner.rb:116:in 'block in RSpec::Core::Runner#run_specs'\nC:/Users/12a1t/.local/share/gem/ruby/3.4.0/gems/rspec-core-3.13.6/lib/rspec/core/reporter.rb:74:in 'RSpec::Core::Reporter#report'\nC:/Users/12a1t/.local/share/gem/ruby/3.4.0/gems/rspec-core-3.13.6/lib/rspec/core/runner.rb:115:in 'RSpec::Core::Runner#run_specs'\nC:/Users/12a1t/.local/share/gem/ruby/3.4.0/gems/rspec-core-3.13.6/lib/rspec/core/runner.rb:89:in 'RSpec::Core::Runner#run'\nC:/Users/12a1t/.local/share/gem/ruby/3.4.0/gems/rspec-core-3.13.6/lib/rspec/core/runner.rb:71:in 'RSpec::Core::Runner.run'\nC:/Users/12a1t/.local/share/gem/ruby/3.4.0/gems/rspec-core-3.13.6/lib/rspec/core/runner.rb:45:in 'RSpec::Core::Runner.invoke'\nC:/Users/12a1t/.local/share/gem/ruby/3.4.0/gems/rspec-core-3.13.6/exe/rspec:4:in '<top (required)>'\nC:/Users/12a1t/AppData/Local/Microsoft/WindowsApps/rspec:25:in 'Kernel#load'\nC:/Users/12a1t/AppData/Local/Microsoft/WindowsApps/rspec:25:in '<main>'"}
     # C:/Users/12a1t/.local/share/gem/ruby/3.4.0/gems/rswag-specs-2.17.0/lib/rswag/specs/response_validator.rb:28:in 'Rswag::Specs::ResponseValidator#validate_code!'
     # C:/Users/12a1t/.local/share/gem/ruby/3.4.0/gems/rswag-specs-2.17.0/lib/rswag/specs/response_validator.rb:18:in 'Rswag::Specs::ResponseValidator#validate!'
     # C:/Users/12a1t/.local/share/gem/ruby/3.4.0/gems/rswag-specs-2.17.0/lib/rswag/specs/example_helpers.rb:30:in 'Rswag::Specs::ExampleHelpers#assert_response_matches_metadata'
     # C:/Users/12a1t/.local/share/gem/ruby/3.4.0/gems/rswag-specs-2.17.0/lib/rswag/specs/example_group_helpers.rb:144:in 'block in Rswag::Specs::ExampleGroupHelpers#run_test!'
     # C:/Users/12a1t/AppData/Local/Microsoft/WindowsApps/rspec:25:in 'Kernel#load'
     # C:/Users/12a1t/AppData/Local/Microsoft/WindowsApps/rspec:25:in '<main>'

Finished in 0.18422 seconds (files took 5.09 seconds to load)
2 examples, 2 failures

Failed examples:

rspec ./spec/requests/api/v1/profile_spec.rb:10 # api/v1/profiles /api/v1/profiles/host/{user_id} get successful returns a 200 response
rspec ./spec/requests/api/v1/profile_spec.rb:23 # api/v1/profiles /api/v1/profiles/guest/{user_id} get successful returns a 200 response

